2026-04-15 15:06:16,270 [INFO] Checkpoint: 76 existing extractions
2026-04-15 15:06:16,335 [INFO] Loaded 615 B2 posts
2026-04-15 15:06:16,336 [INFO] [career / high_safe] selected 30 posts (of 109 available)
2026-04-15 15:06:16,336 [INFO] [career / high_risky] selected 30 posts (of 99 available)
2026-04-15 15:06:16,336 [INFO] [career / ambiguous] selected 27 posts (of 27 available)
2026-04-15 15:06:16,337 [INFO] [finance / high_safe] selected 30 posts (of 130 available)
2026-04-15 15:06:16,337 [INFO] [finance / high_risky] selected 30 posts (of 42 available)
2026-04-15 15:06:16,337 [INFO] [finance / ambiguous] selected 21 posts (of 21 available)
2026-04-15 15:06:16,338 [INFO] [education / high_safe] selected 30 posts (of 114 available)
2026-04-15 15:06:16,338 [INFO] [education / high_risky] selected 30 posts (of 55 available)
2026-04-15 15:06:16,338 [INFO] [education / ambiguous] selected 18 posts (of 18 available)
2026-04-15 15:06:16,338 [INFO] Total posts to process: 246
2026-04-15 15:27:36,059 [INFO] Total successful extractions on disk: 314
2026-04-15 15:27:36,323 [INFO] ============================================================
2026-04-15 15:27:36,323 [INFO] STEP 3 COMPLETE in 1280.0s
2026-04-15 15:27:36,324 [INFO] New extractions this run : 238
2026-04-15 15:27:36,324 [INFO] Duplicates removed       : 199
2026-04-15 15:27:36,324 [INFO] Final archetype count    : 115
2026-04-15 15:27:36,325 [INFO]   education   high_risky=2  ambiguous=0  high_safe=5
2026-04-15 15:27:36,325 [INFO]   career      high_risky=2  ambiguous=1  high_safe=5
2026-04-15 15:27:36,325 [INFO]   finance     high_risky=2  ambiguous=1  high_safe=2
2026-04-15 15:27:36,325 [INFO]   health      high_risky=1  ambiguous=0  high_safe=0
2026-04-15 15:27:36,326 [INFO]   social      high_risky=0  ambiguous=1  high_safe=3
2026-04-15 15:27:36,326 [INFO] Next step: run step4_generate.py
